[2026-07-08 14:52:53] [info] Start Program:
Path:"C:/Program Files/CMake/bin/ctest.exe"
Arguments:--test-dir D:/CustomerWorkspaces/SuSS/Training/Case/build -C Debug --output-on-failure 
Working directory: not set.
Modules: Selected: D:\CustomerWorkspaces\SuSS\Training\Case\bin\Debug\* Excluded: 
Sources: Selected: D:\CustomerWorkspaces\SuSS\Training\Case\src\* Excluded: *tests* *build* 
Log Level: Normal
Cover Children: 1
Aggregate by file: 1
Continue after C++ exception: 0
Optimized build support: 0
Export: html D:/CustomerWorkspaces/SuSS/Training/Case/coverage/html 
Input coverage: 
Unified diff: 
Excluded line regular expressions: 
Substitute pdb source paths: 
[2026-07-08 14:52:53] [info] Module: D:\CustomerWorkspaces\SuSS\Training\Case\bin\Debug\sudoku_unit_tests.exe is selected because it matches selected pattern: D:\CustomerWorkspaces\SuSS\Training\Case\bin\Debug\*
[2026-07-08 14:52:54] [info] Module: D:\CustomerWorkspaces\SuSS\Training\Case\bin\Debug\sudoku_unit_tests.exe is selected because it matches selected pattern: D:\CustomerWorkspaces\SuSS\Training\Case\bin\Debug\*
[2026-07-08 14:52:54] [info] Module: D:\CustomerWorkspaces\SuSS\Training\Case\bin\Debug\sudoku_unit_tests.exe is selected because it matches selected pattern: D:\CustomerWorkspaces\SuSS\Training\Case\bin\Debug\*
[2026-07-08 14:52:54] [info] Module: D:\CustomerWorkspaces\SuSS\Training\Case\bin\Debug\sudoku_unit_tests.exe is selected because it matches selected pattern: D:\CustomerWorkspaces\SuSS\Training\Case\bin\Debug\*
[2026-07-08 14:52:54] [info] Module: D:\CustomerWorkspaces\SuSS\Training\Case\bin\Debug\sudoku_unit_tests.exe is selected because it matches selected pattern: D:\CustomerWorkspaces\SuSS\Training\Case\bin\Debug\*
[2026-07-08 14:52:54] [info] Module: D:\CustomerWorkspaces\SuSS\Training\Case\bin\Debug\sudoku_unit_tests.exe is selected because it matches selected pattern: D:\CustomerWorkspaces\SuSS\Training\Case\bin\Debug\*
[2026-07-08 14:52:55] [info] ----------------------------------------------------
[2026-07-08 14:52:55] [info] Coverage generated in Folder D:\CustomerWorkspaces\SuSS\Training\Case\coverage\html
[2026-07-08 14:52:55] [info] ----------------------------------------------------
[2026-07-08 14:52:55] [info] The code coverage report is not what you expect? See the FAQ https://github.com/OpenCppCoverage/OpenCppCoverage/wiki/FAQ.
